The target system is: Generic - 3.5.99 - arm
The host system is: Linux - 7.0.11-1-cachyos - x86_64
Compiling the C compiler identification source file "CMakeCCompilerId.c" succeeded.
Compiler: /home/thiago/ncs/toolchains/2be090971e/opt/zephyr-sdk/arm-zephyr-eabi/bin/arm-zephyr-eabi-gcc 
Build flags: 
Id flags: -c 

The output was:
0


Compilation of the C compiler identification source "CMakeCCompilerId.c" produced "CMakeCCompilerId.o"

The C compiler identification is GNU, found in "/home/thiago/Documents/canada/pesquisa/ipsp_mqtt_tls_wolf/firmware/build/hci_ipc/CMakeFiles/3.21.0/CompilerIdC/CMakeCCompilerId.o"

Compiling the CXX compiler identification source file "CMakeCXXCompilerId.cpp" succeeded.
Compiler: /home/thiago/ncs/toolchains/2be090971e/opt/zephyr-sdk/arm-zephyr-eabi/bin/arm-zephyr-eabi-g++ 
Build flags: 
Id flags: -c 

The output was:
0


Compilation of the CXX compiler identification source "CMakeCXXCompilerId.cpp" produced "CMakeCXXCompilerId.o"

The CXX compiler identification is GNU, found in "/home/thiago/Documents/canada/pesquisa/ipsp_mqtt_tls_wolf/firmware/build/hci_ipc/CMakeFiles/3.21.0/CompilerIdCXX/CMakeCXXCompilerId.o"

Checking whether the ASM compiler is GNU using "--version" matched "(GNU assembler)|(GCC)|(Free Software Foundation)":
arm-zephyr-eabi-gcc (Zephyr SDK 0.16.5) 12.2.0
Copyright (C) 2022 Free Software Foundation, Inc.
This is free software; see the source for copying conditions.  There is NO
warranty; not even for MERCHANTABILITY or FITNESS FOR A PARTICULAR PURPOSE.

Determining if files stdatomic.h exist passed with the following output:
Change Dir: /home/thiago/Documents/canada/pesquisa/ipsp_mqtt_tls_wolf/firmware/build/hci_ipc/CMakeFiles/CMakeTmp

Run Build Command(s):/home/thiago/ncs/toolchains/2be090971e/usr/local/bin/ninja cmTC_b2cbf && [1/2] Building C object CMakeFiles/cmTC_b2cbf.dir/HAVE_STDATOMIC_H.c.obj
[2/2] Linking C executable cmTC_b2cbf
arm-zephyr-eabi-gcc: warning: CMakeFiles/cmTC_b2cbf.dir/HAVE_STDATOMIC_H.c.obj: linker input file unused because linking not done



Determining if files fcntl.h exist passed with the following output:
Change Dir: /home/thiago/Documents/canada/pesquisa/ipsp_mqtt_tls_wolf/firmware/build/hci_ipc/CMakeFiles/CMakeTmp

Run Build Command(s):/home/thiago/ncs/toolchains/2be090971e/usr/local/bin/ninja cmTC_9079a && [1/2] Building C object CMakeFiles/cmTC_9079a.dir/HAVE_FCNTL_H.c.obj
[2/2] Linking C executable cmTC_9079a
arm-zephyr-eabi-gcc: warning: CMakeFiles/cmTC_9079a.dir/HAVE_FCNTL_H.c.obj: linker input file unused because linking not done



